run 0 exit 0 "dict construction"
2
"first table validation"
6
"100 warm validations"
155
"country grouping"
27
"count reduction"
2
"symbol aggregate"
30
"quotation aggregate"
44
"composite grouping"
45
"row materialization"
122
"join left grouping"
182
"join right grouping"
207
"join distinct lookup"
158
"join group lengths"
1
"join expand matches"
12
"join flatten left indices"
4
"join grade left indices"
11
"join reorder matches"
10
"join match lengths"
1
"join left selectors"
3
"join right selectors"
13
"join left gather"
217
"join right gather"
150
"join output dictionary"
0
"join rows"
638937
"whole join"
1109
 
run 1 exit 0 "dict construction"
3
"first table validation"
7
"100 warm validations"
163
"country grouping"
27
"count reduction"
2
"symbol aggregate"
32
"quotation aggregate"
45
"composite grouping"
44
"row materialization"
93
"join left grouping"
175
"join right grouping"
203
"join distinct lookup"
158
"join group lengths"
1
"join expand matches"
12
"join flatten left indices"
4
"join grade left indices"
11
"join reorder matches"
10
"join match lengths"
1
"join left selectors"
3
"join right selectors"
14
"join left gather"
238
"join right gather"
159
"join output dictionary"
0
"join rows"
638937
"whole join"
1028
 
run 2 exit 0 "dict construction"
2
"first table validation"
6
"100 warm validations"
156
"country grouping"
26
"count reduction"
2
"symbol aggregate"
30
"quotation aggregate"
43
"composite grouping"
44
"row materialization"
93
"join left grouping"
176
"join right grouping"
251
"join distinct lookup"
167
"join group lengths"
2
"join expand matches"
11
"join flatten left indices"
4
"join grade left indices"
12
"join reorder matches"
10
"join match lengths"
1
"join left selectors"
3
"join right selectors"
13
"join left gather"
217
"join right gather"
151
"join output dictionary"
0
"join rows"
638937
"whole join"
1036
 
run 3 exit 0 "dict construction"
2
"first table validation"
6
"100 warm validations"
156
"country grouping"
25
"count reduction"
2
"symbol aggregate"
31
"quotation aggregate"
43
"composite grouping"
44
"row materialization"
94
"join left grouping"
225
"join right grouping"
203
"join distinct lookup"
157
"join group lengths"
1
"join expand matches"
12
"join flatten left indices"
4
"join grade left indices"
11
"join reorder matches"
10
"join match lengths"
1
"join left selectors"
3
"join right selectors"
13
"join left gather"
216
"join right gather"
149
"join output dictionary"
0
"join rows"
638937
"whole join"
1040
 
